// Jest Snapshot v1, https://goo.gl/fbAQLP

exports[`NewQuestion should match snapshot 1`] = `
Object {
  "asFragment": [Function],
  "baseElement": <body>
    <div>
      <div
        class="new-poll"
      >
        <h2>
          Would You Rather
        </h2>
        <label>
          Create Your Own Poll
        </label>
        <form>
          <label>
            First Option
          </label>
          <input
            data-testid="option-one"
            name="optionOne"
            placeholder="Enter Option One Text Here"
            type="text"
          />
          <label>
            Second Option
          </label>
          <input
            data-testid="option-two"
            name="optionTwo"
            placeholder="Enter Option Two Text Here"
            type="text"
          />
          <button
            class="btn"
            disabled=""
            type="submit"
          >
            Submit
          </button>
        </form>
      </div>
    </div>
  </body>,
  "container": <div>
    <div
      class="new-poll"
    >
      <h2>
        Would You Rather
      </h2>
      <label>
        Create Your Own Poll
      </label>
      <form>
        <label>
          First Option
        </label>
        <input
          data-testid="option-one"
          name="optionOne"
          placeholder="Enter Option One Text Here"
          type="text"
        />
        <label>
          Second Option
        </label>
        <input
          data-testid="option-two"
          name="optionTwo"
          placeholder="Enter Option Two Text Here"
          type="text"
        />
        <button
          class="btn"
          disabled=""
          type="submit"
        >
          Submit
        </button>
      </form>
    </div>
  </div>,
  "debug": [Function],
  "findAllByAltText": [Function],
  "findAllByDisplayValue": [Function],
  "findAllByLabelText": [Function],
  "findAllByPlaceholderText": [Function],
  "findAllByRole": [Function],
  "findAllByTestId": [Function],
  "findAllByText": [Function],
  "findAllByTitle": [Function],
  "findByAltText": [Function],
  "findByDisplayValue": [Function],
  "findByLabelText": [Function],
  "findByPlaceholderText": [Function],
  "findByRole": [Function],
  "findByTestId": [Function],
  "findByText": [Function],
  "findByTitle": [Function],
  "getAllByAltText": [Function],
  "getAllByDisplayValue": [Function],
  "getAllByLabelText": [Function],
  "getAllByPlaceholderText": [Function],
  "getAllByRole": [Function],
  "getAllByTestId": [Function],
  "getAllByText": [Function],
  "getAllByTitle": [Function],
  "getByAltText": [Function],
  "getByDisplayValue": [Function],
  "getByLabelText": [Function],
  "getByPlaceholderText": [Function],
  "getByRole": [Function],
  "getByTestId": [Function],
  "getByText": [Function],
  "getByTitle": [Function],
  "queryAllByAltText": [Function],
  "queryAllByDisplayValue": [Function],
  "queryAllByLabelText": [Function],
  "queryAllByPlaceholderText": [Function],
  "queryAllByRole": [Function],
  "queryAllByTestId": [Function],
  "queryAllByText": [Function],
  "queryAllByTitle": [Function],
  "queryByAltText": [Function],
  "queryByDisplayValue": [Function],
  "queryByLabelText": [Function],
  "queryByPlaceholderText": [Function],
  "queryByRole": [Function],
  "queryByTestId": [Function],
  "queryByText": [Function],
  "queryByTitle": [Function],
  "rerender": [Function],
  "unmount": [Function],
}
`;
